// Jest Snapshot v1, https://goo.gl/fbAQLP

exports[`test CourseTable should render table with correct fields 1`] = `
<body>
  <div>
    <div
      class="ant-card ant-card-bordered table-card"
    >
      <div
        class="ant-card-body"
      >
        <div
          class="ant-space ant-space-vertical"
          style="display: flex;"
        >
          <div
            class="ant-space-item"
            style="margin-bottom: 16px;"
          >
            <div
              class="ant-space ant-space-horizontal ant-space-align-center"
              style="display: flex; justify-content: space-between;"
            >
              <div
                class="ant-space-item"
              >
                <h4
                  class="ant-typography"
                >
                  Courses
                </h4>
              </div>
            </div>
          </div>
          <div
            class="ant-space-item"
          >
            <div
              class="ant-table-wrapper"
            >
              <div
                class="ant-spin-nested-loading"
              >
                <div
                  class="ant-spin-container"
                >
                  <div
                    class="ant-table ant-table-small ant-table-bordered"
                  >
                    <div
                      class="ant-table-container"
                    >
                      <div
                        class="ant-table-content"
                      >
                        <table
                          style="table-layout: auto;"
                        >
                          <colgroup>
                            <col
                              style="width: 150px;"
                            />
                            <col
                              style="width: 150px;"
                            />
                            <col
                              style="width: 150px;"
                            />
                            <col />
                            <col
                              style="width: 150px;"
                            />
                          </colgroup>
                          <thead
                            class="ant-table-thead"
                          >
                            <tr>
                              <th
                                class="ant-table-cell ant-table-column-has-sorters"
                                tabindex="0"
                              >
                                <div
                                  class="ant-table-column-sorters"
                                >
                                  <span
                                    class="ant-table-column-title"
                                  >
                                    ID
                                  </span>
                                  <span
                                    class="ant-table-column-sorter ant-table-column-sorter-full"
                                  >
                                    <span
                                      class="ant-table-column-sorter-inner"
                                    >
                                      <span
                                        aria-label="caret-up"
                                        class="anticon anticon-caret-up ant-table-column-sorter-up"
                                        role="img"
                                      >
                                        <svg
                                          aria-hidden="true"
                                          data-icon="caret-up"
                                          fill="currentColor"
                                          focusable="false"
                                          height="1em"
                                          viewBox="0 0 1024 1024"
                                          width="1em"
                                        >
                                          <path
                                            d="M858.9 689L530.5 308.2c-9.4-10.9-27.5-10.9-37 0L165.1 689c-12.2 14.2-1.2 35 18.5 35h656.8c19.7 0 30.7-20.8 18.5-35z"
                                          />
                                        </svg>
                                      </span>
                                      <span
                                        aria-label="caret-down"
                                        class="anticon anticon-caret-down ant-table-column-sorter-down"
                                        role="img"
                                      >
                                        <svg
                                          aria-hidden="true"
                                          data-icon="caret-down"
                                          fill="currentColor"
                                          focusable="false"
                                          height="1em"
                                          viewBox="0 0 1024 1024"
                                          width="1em"
                                        >
                                          <path
                                            d="M840.4 300H183.6c-19.7 0-30.7 20.8-18.5 35l328.4 380.8c9.4 10.9 27.5 10.9 37 0L858.9 335c12.2-14.2 1.2-35-18.5-35z"
                                          />
                                        </svg>
                                      </span>
                                    </span>
                                  </span>
                                </div>
                              </th>
                              <th
                                class="ant-table-cell ant-table-column-has-sorters"
                                tabindex="0"
                              >
                                <div
                                  class="ant-table-column-sorters"
                                >
                                  <span
                                    class="ant-table-column-title"
                                  >
                                    Year
                                  </span>
                                  <span
                                    class="ant-table-column-sorter ant-table-column-sorter-full"
                                  >
                                    <span
                                      class="ant-table-column-sorter-inner"
                                    >
                                      <span
                                        aria-label="caret-up"
                                        class="anticon anticon-caret-up ant-table-column-sorter-up"
                                        role="img"
                                      >
                                        <svg
                                          aria-hidden="true"
                                          data-icon="caret-up"
                                          fill="currentColor"
                                          focusable="false"
                                          height="1em"
                                          viewBox="0 0 1024 1024"
                                          width="1em"
                                        >
                                          <path
                                            d="M858.9 689L530.5 308.2c-9.4-10.9-27.5-10.9-37 0L165.1 689c-12.2 14.2-1.2 35 18.5 35h656.8c19.7 0 30.7-20.8 18.5-35z"
                                          />
                                        </svg>
                                      </span>
                                      <span
                                        aria-label="caret-down"
                                        class="anticon anticon-caret-down ant-table-column-sorter-down"
                                        role="img"
                                      >
                                        <svg
                                          aria-hidden="true"
                                          data-icon="caret-down"
                                          fill="currentColor"
                                          focusable="false"
                                          height="1em"
                                          viewBox="0 0 1024 1024"
                                          width="1em"
                                        >
                                          <path
                                            d="M840.4 300H183.6c-19.7 0-30.7 20.8-18.5 35l328.4 380.8c9.4 10.9 27.5 10.9 37 0L858.9 335c12.2-14.2 1.2-35-18.5-35z"
                                          />
                                        </svg>
                                      </span>
                                    </span>
                                  </span>
                                </div>
                              </th>
                              <th
                                class="ant-table-cell ant-table-column-has-sorters"
                                tabindex="0"
                              >
                                <div
                                  class="ant-table-column-sorters"
                                >
                                  <span
                                    class="ant-table-column-title"
                                  >
                                    Semester
                                  </span>
                                  <span
                                    class="ant-table-column-sorter ant-table-column-sorter-full"
                                  >
                                    <span
                                      class="ant-table-column-sorter-inner"
                                    >
                                      <span
                                        aria-label="caret-up"
                                        class="anticon anticon-caret-up ant-table-column-sorter-up"
                                        role="img"
                                      >
                                        <svg
                                          aria-hidden="true"
                                          data-icon="caret-up"
                                          fill="currentColor"
                                          focusable="false"
                                          height="1em"
                                          viewBox="0 0 1024 1024"
                                          width="1em"
                                        >
                                          <path
                                            d="M858.9 689L530.5 308.2c-9.4-10.9-27.5-10.9-37 0L165.1 689c-12.2 14.2-1.2 35 18.5 35h656.8c19.7 0 30.7-20.8 18.5-35z"
                                          />
                                        </svg>
                                      </span>
                                      <span
                                        aria-label="caret-down"
                                        class="anticon anticon-caret-down ant-table-column-sorter-down"
                                        role="img"
                                      >
                                        <svg
                                          aria-hidden="true"
                                          data-icon="caret-down"
                                          fill="currentColor"
                                          focusable="false"
                                          height="1em"
                                          viewBox="0 0 1024 1024"
                                          width="1em"
                                        >
                                          <path
                                            d="M840.4 300H183.6c-19.7 0-30.7 20.8-18.5 35l328.4 380.8c9.4 10.9 27.5 10.9 37 0L858.9 335c12.2-14.2 1.2-35-18.5-35z"
                                          />
                                        </svg>
                                      </span>
                                    </span>
                                  </span>
                                </div>
                              </th>
                              <th
                                class="ant-table-cell ant-table-column-has-sorters"
                                tabindex="0"
                              >
                                <div
                                  class="ant-table-filter-column"
                                >
                                  <span
                                    class="ant-table-column-title"
                                  >
                                    <div
                                      class="ant-table-column-sorters"
                                    >
                                      <span
                                        class="ant-table-column-title"
                                      >
                                        Name
                                      </span>
                                      <span
                                        class="ant-table-column-sorter ant-table-column-sorter-full"
                                      >
                                        <span
                                          class="ant-table-column-sorter-inner"
                                        >
                                          <span
                                            aria-label="caret-up"
                                            class="anticon anticon-caret-up ant-table-column-sorter-up"
                                            role="img"
                                          >
                                            <svg
                                              aria-hidden="true"
                                              data-icon="caret-up"
                                              fill="currentColor"
                                              focusable="false"
                                              height="1em"
                                              viewBox="0 0 1024 1024"
                                              width="1em"
                                            >
                                              <path
                                                d="M858.9 689L530.5 308.2c-9.4-10.9-27.5-10.9-37 0L165.1 689c-12.2 14.2-1.2 35 18.5 35h656.8c19.7 0 30.7-20.8 18.5-35z"
                                              />
                                            </svg>
                                          </span>
                                          <span
                                            aria-label="caret-down"
                                            class="anticon anticon-caret-down ant-table-column-sorter-down"
                                            role="img"
                                          >
                                            <svg
                                              aria-hidden="true"
                                              data-icon="caret-down"
                                              fill="currentColor"
                                              focusable="false"
                                              height="1em"
                                              viewBox="0 0 1024 1024"
                                              width="1em"
                                            >
                                              <path
                                                d="M840.4 300H183.6c-19.7 0-30.7 20.8-18.5 35l328.4 380.8c9.4 10.9 27.5 10.9 37 0L858.9 335c12.2-14.2 1.2-35-18.5-35z"
                                              />
                                            </svg>
                                          </span>
                                        </span>
                                      </span>
                                    </div>
                                  </span>
                                  <span
                                    class="ant-dropdown-trigger ant-table-filter-trigger"
                                    role="button"
                                    tabindex="-1"
                                  >
                                    <span
                                      aria-label="filter"
                                      class="anticon anticon-filter"
                                      role="img"
                                    >
                                      <svg
                                        aria-hidden="true"
                                        data-icon="filter"
                                        fill="currentColor"
                                        focusable="false"
                                        height="1em"
                                        viewBox="64 64 896 896"
                                        width="1em"
                                      >
                                        <path
                                          d="M349 838c0 17.7 14.2 32 31.8 32h262.4c17.6 0 31.8-14.3 31.8-32V642H349v196zm531.1-684H143.9c-24.5 0-39.8 26.7-27.5 48l221.3 376h348.8l221.3-376c12.1-21.3-3.2-48-27.7-48z"
                                        />
                                      </svg>
                                    </span>
                                  </span>
                                </div>
                              </th>
                              <th
                                class="ant-table-cell"
                              >
                                Action
                              </th>
                            </tr>
                          </thead>
                          <tbody
                            class="ant-table-tbody"
                          >
                            <tr
                              class="ant-table-row ant-table-row-level-0"
                              data-row-key="course_id"
                            >
                              <td
                                class="ant-table-cell"
                              >
                                course_id
                              </td>
                              <td
                                class="ant-table-cell"
                              >
                                2022
                              </td>
                              <td
                                class="ant-table-cell"
                              >
                                10
                              </td>
                              <td
                                class="ant-table-cell"
                              >
                                course1
                              </td>
                              <td
                                class="ant-table-cell"
                              >
                                <div
                                  class="ant-space ant-space-horizontal ant-space-align-center"
                                >
                                  <div
                                    class="ant-space-item"
                                  >
                                    <a
                                      href="/course/course_id/overview"
                                    >
                                      Go to
                                    </a>
                                  </div>
                                </div>
                              </td>
                            </tr>
                          </tbody>
                        </table>
                      </div>
                    </div>
                  </div>
                  <ul
                    class="ant-pagination ant-pagination-mini ant-table-pagination ant-table-pagination-right"
                    unselectable="unselectable"
                  >
                    <li
                      aria-disabled="true"
                      class="ant-pagination-prev ant-pagination-disabled"
                      title="Previous Page"
                    >
                      <button
                        class="ant-pagination-item-link"
                        disabled=""
                        tabindex="-1"
                        type="button"
                      >
                        <span
                          aria-label="left"
                          class="anticon anticon-left"
                          role="img"
                        >
                          <svg
                            aria-hidden="true"
                            data-icon="left"
                            fill="currentColor"
                            focusable="false"
                            height="1em"
                            viewBox="64 64 896 896"
                            width="1em"
                          >
                            <path
                              d="M724 218.3V141c0-6.7-7.7-10.4-12.9-6.3L260.3 486.8a31.86 31.86 0 000 50.3l450.8 352.1c5.3 4.1 12.9.4 12.9-6.3v-77.3c0-4.9-2.3-9.6-6.1-12.6l-360-281 360-281.1c3.8-3 6.1-7.7 6.1-12.6z"
                            />
                          </svg>
                        </span>
                      </button>
                    </li>
                    <li
                      class="ant-pagination-item ant-pagination-item-1 ant-pagination-item-active"
                      tabindex="0"
                      title="1"
                    >
                      <a
                        rel="nofollow"
                      >
                        1
                      </a>
                    </li>
                    <li
                      aria-disabled="true"
                      class="ant-pagination-next ant-pagination-disabled"
                      title="Next Page"
                    >
                      <button
                        class="ant-pagination-item-link"
                        disabled=""
                        tabindex="-1"
                        type="button"
                      >
                        <span
                          aria-label="right"
                          class="anticon anticon-right"
                          role="img"
                        >
                          <svg
                            aria-hidden="true"
                            data-icon="right"
                            fill="currentColor"
                            focusable="false"
                            height="1em"
                            viewBox="64 64 896 896"
                            width="1em"
                          >
                            <path
                              d="M765.7 486.8L314.9 134.7A7.97 7.97 0 00302 141v77.3c0 4.9 2.3 9.6 6.1 12.6l360 281.1-360 281.1c-3.9 3-6.1 7.7-6.1 12.6V883c0 6.7 7.7 10.4 12.9 6.3l450.8-352.1a31.96 31.96 0 000-50.4z"
                            />
                          </svg>
                        </span>
                      </button>
                    </li>
                  </ul>
                </div>
              </div>
            </div>
          </div>
        </div>
      </div>
    </div>
  </div>
</body>
`;
