// Vitest Snapshot v1, https://vitest.dev/guide/snapshot.html

exports[`test import data modal > should display the components correctly 1`] = `
<body>
  <div>
    <button
      class="ant-btn ant-btn-primary ant-btn-color-primary ant-btn-variant-solid"
      type="button"
    >
      <span>
        Import CSV Data
      </span>
    </button>
  </div>
  <div>
    <div
      class="ant-modal-root"
    >
      <div
        class="ant-modal-mask"
      />
      <div
        class="ant-modal-wrap"
        tabindex="-1"
      >
        <div
          aria-labelledby="test-id"
          aria-modal="true"
          class="ant-modal ant-zoom-appear ant-zoom-appear-prepare ant-zoom"
          role="dialog"
          style="width: 520px;"
        >
          <div
            style="outline: none;"
            tabindex="0"
          >
            <div
              class="ant-modal-content"
            >
              <button
                aria-label="Close"
                class="ant-modal-close"
                type="button"
              >
                <span
                  class="ant-modal-close-x"
                >
                  <span
                    aria-label="close"
                    class="anticon anticon-close ant-modal-close-icon"
                    role="img"
                  >
                    <svg
                      aria-hidden="true"
                      data-icon="close"
                      fill="currentColor"
                      fill-rule="evenodd"
                      focusable="false"
                      height="1em"
                      viewBox="64 64 896 896"
                      width="1em"
                    >
                      <path
                        d="M799.86 166.31c.02 0 .04.02.08.06l57.69 57.7c.04.03.05.05.06.08a.12.12 0 010 .06c0 .03-.02.05-.06.09L569.93 512l287.7 287.7c.04.04.05.06.06.09a.12.12 0 010 .07c0 .02-.02.04-.06.08l-57.7 57.69c-.03.04-.05.05-.07.06a.12.12 0 01-.07 0c-.03 0-.05-.02-.09-.06L512 569.93l-287.7 287.7c-.04.04-.06.05-.09.06a.12.12 0 01-.07 0c-.02 0-.04-.02-.08-.06l-57.69-57.7c-.04-.03-.05-.05-.06-.07a.12.12 0 010-.07c0-.03.02-.05.06-.09L454.07 512l-287.7-287.7c-.04-.04-.05-.06-.06-.09a.12.12 0 010-.07c0-.02.02-.04.06-.08l57.7-57.69c.03-.04.05-.05.07-.06a.12.12 0 01.07 0c.03 0 .05.02.09.06L512 454.07l287.7-287.7c.04-.04.06-.05.09-.06a.12.12 0 01.07 0z"
                      />
                    </svg>
                  </span>
                </span>
              </button>
              <div
                class="ant-modal-header"
              >
                <div
                  class="ant-modal-title"
                  id="test-id"
                >
                  Import CSV Data
                </div>
              </div>
              <div
                class="ant-modal-body"
              >
                <div
                  class="ant-space ant-space-vertical ant-space-gap-row-small ant-space-gap-col-small"
                >
                  <div
                    class="ant-space-item"
                  >
                    <span
                      class="ant-upload-wrapper"
                    >
                      <div
                        class="ant-upload ant-upload-select"
                      >
                        <span
                          class="ant-upload"
                        >
                          <input
                            accept=""
                            data-testid="upload-button"
                            name="file"
                            style="display: none;"
                            type="file"
                          />
                          <button
                            class="ant-btn ant-btn-default ant-btn-color-default ant-btn-variant-outlined"
                            type="button"
                          >
                            <span
                              class="ant-btn-icon"
                            >
                              <span
                                aria-label="upload"
                                class="anticon anticon-upload"
                                role="img"
                              >
                                <svg
                                  aria-hidden="true"
                                  data-icon="upload"
                                  fill="currentColor"
                                  focusable="false"
                                  height="1em"
                                  viewBox="64 64 896 896"
                                  width="1em"
                                >
                                  <path
                                    d="M400 317.7h73.9V656c0 4.4 3.6 8 8 8h60c4.4 0 8-3.6 8-8V317.7H624c6.7 0 10.4-7.7 6.3-12.9L518.3 163a8 8 0 00-12.6 0l-112 141.7c-4.1 5.3-.4 13 6.3 13zM878 626h-60c-4.4 0-8 3.6-8 8v154H214V634c0-4.4-3.6-8-8-8h-60c-4.4 0-8 3.6-8 8v198c0 17.7 14.3 32 32 32h684c17.7 0 32-14.3 32-32V634c0-4.4-3.6-8-8-8z"
                                  />
                                </svg>
                              </span>
                            </span>
                            <span>
                              Select File
                            </span>
                          </button>
                        </span>
                      </div>
                      <div
                        class="ant-upload-list ant-upload-list-text"
                      />
                    </span>
                  </div>
                  <div
                    class="ant-space-item"
                  >
                    <a
                      download="importCourseData.csv"
                      href="/download/importCourseData.csv"
                    >
                      Download csv template
                    </a>
                  </div>
                </div>
              </div>
              <div
                class="ant-modal-footer"
              >
                <button
                  class="ant-btn ant-btn-default ant-btn-color-default ant-btn-variant-outlined"
                  type="button"
                >
                  <span>
                    Cancel
                  </span>
                </button>
                <button
                  class="ant-btn ant-btn-primary ant-btn-color-primary ant-btn-variant-solid"
                  disabled=""
                  type="button"
                >
                  <span>
                    Import
                  </span>
                </button>
              </div>
            </div>
          </div>
          <div
            style="width: 0px; height: 0px; overflow: hidden; outline: none;"
            tabindex="0"
          />
        </div>
      </div>
    </div>
  </div>
</body>
`;
