// Vitest Snapshot v1, https://vitest.dev/guide/snapshot.html

exports[`CourseNameFormItem test > when rendering > should have correct fields 1`] = `
<body>
  <div>
    <form
      class="ant-form ant-form-horizontal"
    >
      <div
        class="ant-form-item"
      >
        <div
          class="ant-row ant-form-item-row"
        >
          <div
            class="ant-col ant-form-item-label"
          >
            <label
              class="ant-form-item-required"
              for="courseName"
              title="Course Name"
            >
              Course Name
            </label>
          </div>
          <div
            class="ant-col ant-form-item-control"
          >
            <div
              class="ant-form-item-control-input"
            >
              <div
                class="ant-form-item-control-input-content"
              >
                <input
                  aria-required="true"
                  class="ant-input ant-input-outlined"
                  id="courseName"
                  type="text"
                  value=""
                />
              </div>
            </div>
          </div>
        </div>
      </div>
      <button
        class="ant-btn ant-btn-default ant-btn-color-default ant-btn-variant-outlined"
        type="submit"
      >
        <span>
          submit
        </span>
      </button>
    </form>
  </div>
</body>
`;
