// Vitest Snapshot v1, https://vitest.dev/guide/snapshot.html

exports[`NewPasswordFormItem test > when rendering > should have a field for the new password and for its confirmation 1`] = `
<body>
  <div>
    <form
      class="ant-form ant-form-horizontal"
    >
      <div
        class="ant-form-item"
      >
        <div
          class="ant-row ant-form-item-row"
        >
          <div
            class="ant-col ant-form-item-label"
          >
            <label
              class="ant-form-item-required"
              for="newPassword"
              title="New password"
            >
              New password
            </label>
          </div>
          <div
            class="ant-col ant-form-item-control"
          >
            <div
              class="ant-form-item-control-input"
            >
              <div
                class="ant-form-item-control-input-content"
              >
                <input
                  aria-required="true"
                  class="ant-input"
                  id="newPassword"
                  type="password"
                  value=""
                />
              </div>
            </div>
          </div>
        </div>
      </div>
      <div
        class="ant-form-item"
      >
        <div
          class="ant-row ant-form-item-row"
        >
          <div
            class="ant-col ant-form-item-label"
          >
            <label
              class="ant-form-item-required"
              for="confirmNewPassword"
              title="Confirm new password"
            >
              Confirm new password
            </label>
          </div>
          <div
            class="ant-col ant-form-item-control"
          >
            <div
              class="ant-form-item-control-input"
            >
              <div
                class="ant-form-item-control-input-content"
              >
                <input
                  aria-required="true"
                  class="ant-input"
                  id="confirmNewPassword"
                  type="password"
                  value=""
                />
              </div>
            </div>
          </div>
        </div>
      </div>
      <button
        class="ant-btn ant-btn-default"
        type="submit"
      >
        <span>
          submit
        </span>
      </button>
    </form>
  </div>
</body>
`;
