// Vitest Snapshot v1, https://vitest.dev/guide/snapshot.html

exports[`ProjectBacklogStatusForm test > when rendering > should render according to the snapshot 1`] = `
<body>
  <div>
    <form
      class="ant-form ant-form-horizontal"
    >
      <div
        class="ant-form-item"
      >
        <div
          class="ant-row ant-form-item-row"
        >
          <div
            class="ant-col ant-form-item-control"
          >
            <div
              class="ant-form-item-control-input"
            >
              <div
                class="ant-form-item-control-input-content"
              >
                <input
                  aria-required="true"
                  class="ant-input ant-input-outlined"
                  id="To do"
                  type="text"
                  value="To do"
                />
              </div>
            </div>
          </div>
        </div>
      </div>
      <div
        data-rbd-droppable-context-id="0"
        data-rbd-droppable-id="backlogStatusList"
      >
        <div
          aria-describedby="rbd-hidden-text-0-hidden-text-0"
          class="project-backlog-status-draggable"
          data-rbd-drag-handle-context-id="0"
          data-rbd-drag-handle-draggable-id="In progress"
          data-rbd-draggable-context-id="0"
          data-rbd-draggable-id="In progress"
          draggable="false"
          role="button"
          tabindex="0"
        >
          <div
            class="ant-form-item"
          >
            <div
              class="ant-row ant-form-item-row"
            >
              <div
                class="ant-col ant-form-item-control"
              >
                <div
                  class="ant-form-item-control-input"
                >
                  <div
                    class="ant-form-item-control-input-content"
                  >
                    <span
                      class="ant-input-group-wrapper ant-input-group-wrapper-outlined"
                    >
                      <span
                        class="ant-input-wrapper ant-input-group"
                      >
                        <span
                          class="ant-input-group-addon"
                        >
                          <div
                            class="project-backlog-status-move-button"
                          >
                            <span
                              aria-label="drag"
                              class="anticon anticon-drag"
                              role="img"
                            >
                              <svg
                                aria-hidden="true"
                                data-icon="drag"
                                fill="currentColor"
                                focusable="false"
                                height="1em"
                                viewBox="64 64 896 896"
                                width="1em"
                              >
                                <path
                                  d="M909.3 506.3L781.7 405.6a7.23 7.23 0 00-11.7 5.7V476H548V254h64.8c6 0 9.4-7 5.7-11.7L517.7 114.7a7.14 7.14 0 00-11.3 0L405.6 242.3a7.23 7.23 0 005.7 11.7H476v222H254v-64.8c0-6-7-9.4-11.7-5.7L114.7 506.3a7.14 7.14 0 000 11.3l127.5 100.8c4.7 3.7 11.7.4 11.7-5.7V548h222v222h-64.8c-6 0-9.4 7-5.7 11.7l100.8 127.5c2.9 3.7 8.5 3.7 11.3 0l100.8-127.5c3.7-4.7.4-11.7-5.7-11.7H548V548h222v64.8c0 6 7 9.4 11.7 5.7l127.5-100.8a7.3 7.3 0 00.1-11.4z"
                                />
                              </svg>
                            </span>
                          </div>
                        </span>
                        <input
                          aria-required="true"
                          class="ant-input ant-input-outlined"
                          id="In progress"
                          type="text"
                          value="In progress"
                        />
                        <span
                          class="ant-input-group-addon"
                        >
                          <div
                            class="project-backlog-status-delete-button"
                          >
                            <span
                              aria-label="close"
                              class="anticon anticon-close"
                              role="img"
                            >
                              <svg
                                aria-hidden="true"
                                data-icon="close"
                                fill="currentColor"
                                fill-rule="evenodd"
                                focusable="false"
                                height="1em"
                                viewBox="64 64 896 896"
                                width="1em"
                              >
                                <path
                                  d="M799.86 166.31c.02 0 .04.02.08.06l57.69 57.7c.04.03.05.05.06.08a.12.12 0 010 .06c0 .03-.02.05-.06.09L569.93 512l287.7 287.7c.04.04.05.06.06.09a.12.12 0 010 .07c0 .02-.02.04-.06.08l-57.7 57.69c-.03.04-.05.05-.07.06a.12.12 0 01-.07 0c-.03 0-.05-.02-.09-.06L512 569.93l-287.7 287.7c-.04.04-.06.05-.09.06a.12.12 0 01-.07 0c-.02 0-.04-.02-.08-.06l-57.69-57.7c-.04-.03-.05-.05-.06-.07a.12.12 0 010-.07c0-.03.02-.05.06-.09L454.07 512l-287.7-287.7c-.04-.04-.05-.06-.06-.09a.12.12 0 010-.07c0-.02.02-.04.06-.08l57.7-57.69c.03-.04.05-.05.07-.06a.12.12 0 01.07 0c.03 0 .05.02.09.06L512 454.07l287.7-287.7c.04-.04.06-.05.09-.06a.12.12 0 01.07 0z"
                                />
                              </svg>
                            </span>
                          </div>
                        </span>
                      </span>
                    </span>
                  </div>
                </div>
              </div>
            </div>
          </div>
        </div>
      </div>
      <div
        class="ant-form-item"
      >
        <div
          class="ant-row ant-form-item-row"
        >
          <div
            class="ant-col ant-form-item-control"
          >
            <div
              class="ant-form-item-control-input"
            >
              <div
                class="ant-form-item-control-input-content"
              >
                <input
                  aria-required="true"
                  class="ant-input ant-input-outlined"
                  id="Done"
                  type="text"
                  value="Done"
                />
              </div>
            </div>
          </div>
        </div>
      </div>
    </form>
    <button
      class="ant-btn ant-btn-primary ant-btn-color-primary ant-btn-variant-solid"
      type="button"
    >
      <span>
        Add
      </span>
    </button>
  </div>
  <div
    aria-atomic="true"
    aria-live="assertive"
    id="rbd-announcement-0"
    style="position: absolute; width: 1px; height: 1px; margin: -1px; border: 0px; padding: 0px; overflow: hidden; clip-path: inset(100%);"
  />
  <div
    id="rbd-hidden-text-0-hidden-text-0"
    style="display: none;"
  >
    
  Press space bar to start a drag.
  When dragging you can use the arrow keys to move the item around and escape to cancel.
  Some screen readers may require you to be in focus mode or to use your pass through key

  </div>
</body>
`;
