// Vitest Snapshot v1, https://vitest.dev/guide/snapshot.html

exports[`SelectCourseCodeFormItem test > when rendering > should have correct fields 1`] = `
<body>
  <div>
    <form
      class="ant-form ant-form-horizontal"
    >
      <div
        class="ant-form-item"
      >
        <div
          class="ant-row ant-form-item-row"
        >
          <div
            class="ant-col ant-form-item-label"
          >
            <label
              class="ant-form-item-required"
              for="courseCode"
              title="Course"
            >
              Course
            </label>
          </div>
          <div
            class="ant-col ant-form-item-control"
          >
            <div
              class="ant-form-item-control-input"
            >
              <div
                class="ant-form-item-control-input-content"
              >
                <select
                  id="courseCode"
                >
                  <option
                    value="CS3203"
                  >
                    CS3203 Software Engineering Project
                  </option>
                  <option
                    value="CS1010"
                  >
                    CS1010 Programming Methodology
                  </option>
                </select>
              </div>
            </div>
          </div>
        </div>
      </div>
      <button
        class="ant-btn ant-btn-default ant-btn-color-default ant-btn-variant-outlined"
        type="submit"
      >
        <span>
          submit
        </span>
      </button>
    </form>
  </div>
</body>
`;
