// Vitest Snapshot v1, https://vitest.dev/guide/snapshot.html

exports[`SettingsForm test > when rendering > should render according to the snapshot 1`] = `
<body>
  <div>
    <form
      class="ant-form ant-form-horizontal"
    >
      <div
        class="ant-form-item"
      >
        <div
          class="ant-row ant-form-item-row"
        >
          <div
            class="ant-col ant-form-item-label"
          >
            <label
              class="ant-form-item-required"
              for="current-year"
              title="Current Year"
            >
              Current Year
            </label>
          </div>
          <div
            class="ant-col ant-form-item-control"
          >
            <div
              class="ant-form-item-control-input"
            >
              <div
                class="ant-form-item-control-input-content"
              >
                <div
                  class="ant-picker ant-picker-middle"
                  style="width: 200px;"
                >
                  <div
                    class="ant-picker-input"
                  >
                    <input
                      aria-required="true"
                      autocomplete="off"
                      id="current-year"
                      placeholder="Select year"
                      readonly=""
                      size="12"
                      title="2022"
                      value="2022"
                    />
                    <span
                      class="ant-picker-suffix"
                    >
                      <span
                        aria-label="calendar"
                        class="anticon anticon-calendar"
                        role="img"
                      >
                        <svg
                          aria-hidden="true"
                          data-icon="calendar"
                          fill="currentColor"
                          focusable="false"
                          height="1em"
                          viewBox="64 64 896 896"
                          width="1em"
                        >
                          <path
                            d="M880 184H712v-64c0-4.4-3.6-8-8-8h-56c-4.4 0-8 3.6-8 8v64H384v-64c0-4.4-3.6-8-8-8h-56c-4.4 0-8 3.6-8 8v64H144c-17.7 0-32 14.3-32 32v664c0 17.7 14.3 32 32 32h736c17.7 0 32-14.3 32-32V216c0-17.7-14.3-32-32-32zm-40 656H184V460h656v380zM184 392V256h128v48c0 4.4 3.6 8 8 8h56c4.4 0 8-3.6 8-8v-48h256v48c0 4.4 3.6 8 8 8h56c4.4 0 8-3.6 8-8v-48h128v136H184z"
                          />
                        </svg>
                      </span>
                    </span>
                    <span
                      class="ant-picker-clear"
                      role="button"
                    >
                      <span
                        aria-label="close-circle"
                        class="anticon anticon-close-circle"
                        role="img"
                      >
                        <svg
                          aria-hidden="true"
                          data-icon="close-circle"
                          fill="currentColor"
                          focusable="false"
                          height="1em"
                          viewBox="64 64 896 896"
                          width="1em"
                        >
                          <path
                            d="M512 64C264.6 64 64 264.6 64 512s200.6 448 448 448 448-200.6 448-448S759.4 64 512 64zm165.4 618.2l-66-.3L512 563.4l-99.3 118.4-66.1.3c-4.4 0-8-3.5-8-8 0-1.9.7-3.7 1.9-5.2l130.1-155L340.5 359a8.32 8.32 0 01-1.9-5.2c0-4.4 3.6-8 8-8l66.1.3L512 464.6l99.3-118.4 66-.3c4.4 0 8 3.5 8 8 0 1.9-.7 3.7-1.9 5.2L553.5 514l130 155c1.2 1.5 1.9 3.3 1.9 5.2 0 4.4-3.6 8-8 8z"
                          />
                        </svg>
                      </span>
                    </span>
                  </div>
                </div>
              </div>
            </div>
          </div>
        </div>
      </div>
      <div
        class="ant-form-item"
      >
        <div
          class="ant-row ant-form-item-row"
        >
          <div
            class="ant-col ant-form-item-label"
          >
            <label
              class="ant-form-item-required"
              for="current-semester"
              title="Current Semester"
            >
              Current Semester
            </label>
          </div>
          <div
            class="ant-col ant-form-item-control"
          >
            <div
              class="ant-form-item-control-input"
            >
              <div
                class="ant-form-item-control-input-content"
              >
                <div
                  aria-required="true"
                  class="ant-select ant-select-in-form-item ant-select-single ant-select-show-arrow"
                  style="width: 200px;"
                >
                  <div
                    class="ant-select-selector"
                  >
                    <span
                      class="ant-select-selection-search"
                    >
                      <input
                        aria-activedescendant="current-semester_list_0"
                        aria-autocomplete="list"
                        aria-controls="current-semester_list"
                        aria-haspopup="listbox"
                        aria-owns="current-semester_list"
                        aria-required="true"
                        autocomplete="off"
                        class="ant-select-selection-search-input"
                        id="current-semester"
                        readonly=""
                        role="combobox"
                        style="opacity: 0;"
                        type="search"
                        unselectable="on"
                        value=""
                      />
                    </span>
                    <span
                      class="ant-select-selection-item"
                      title="1"
                    >
                      1
                    </span>
                  </div>
                  <span
                    aria-hidden="true"
                    class="ant-select-arrow"
                    style="user-select: none;"
                    unselectable="on"
                  >
                    <span
                      aria-label="down"
                      class="anticon anticon-down ant-select-suffix"
                      role="img"
                    >
                      <svg
                        aria-hidden="true"
                        data-icon="down"
                        fill="currentColor"
                        focusable="false"
                        height="1em"
                        viewBox="64 64 896 896"
                        width="1em"
                      >
                        <path
                          d="M884 256h-75c-5.1 0-9.9 2.5-12.9 6.6L512 654.2 227.9 262.6c-3-4.1-7.8-6.6-12.9-6.6h-75c-6.5 0-10.3 7.4-6.5 12.7l352.6 486.1c12.8 17.6 39 17.6 51.7 0l352.6-486.1c3.9-5.3.1-12.7-6.4-12.7z"
                        />
                      </svg>
                    </span>
                  </span>
                </div>
              </div>
            </div>
          </div>
        </div>
      </div>
    </form>
    <button
      class="ant-btn ant-btn-primary"
      type="button"
    >
      <span>
        Save
      </span>
    </button>
  </div>
</body>
`;
