// Jest Snapshot v1, https://goo.gl/fbAQLP

exports[`UserEmailFormItem test when rendering should have the correct fields 1`] = `
<body>
  <div>
    <form
      class="ant-form ant-form-horizontal css-dev-only-do-not-override-1qhh31y"
    >
      <div
        class="ant-form-item css-dev-only-do-not-override-1qhh31y"
      >
        <div
          class="ant-row ant-form-item-row css-dev-only-do-not-override-1qhh31y"
        >
          <div
            class="ant-col ant-form-item-label css-dev-only-do-not-override-1qhh31y"
          >
            <label
              class=""
              for="userEmail"
              title="User Email"
            >
              User Email
            </label>
          </div>
          <div
            class="ant-col ant-form-item-control css-dev-only-do-not-override-1qhh31y"
          >
            <div
              class="ant-form-item-control-input"
            >
              <div
                class="ant-form-item-control-input-content"
              >
                <input
                  class="ant-input css-dev-only-do-not-override-1qhh31y"
                  id="userEmail"
                  type="text"
                  value=""
                />
              </div>
            </div>
          </div>
        </div>
      </div>
      <button
        class="ant-btn css-dev-only-do-not-override-1qhh31y ant-btn-default"
        type="submit"
      >
        <span>
          submit
        </span>
      </button>
    </form>
  </div>
</body>
`;
