// Jest Snapshot v1, https://goo.gl/fbAQLP

exports[`test AnnouncementCard when rendering should render correctly 1`] = `
<body>
  <div>
    <div
      class="ant-card ant-card-bordered common-card announcement-card"
    >
      <div
        class="ant-card-body"
      >
        <div
          class="common-card-header"
        >
          <h4
            class="ant-typography title"
          >
            Announcements
          </h4>
        </div>
        <div
          class="ant-list ant-list-vertical ant-list-split ant-list-bordered ant-list-something-after-last-item"
        >
          <div
            class="ant-spin-nested-loading"
          >
            <div
              class="ant-spin-container"
            >
              <ul
                class="ant-list-items"
              >
                <li
                  class="ant-list-item ant-list-item-no-flex"
                >
                  <div
                    class="ant-list-item-meta"
                  >
                    <div
                      class="ant-list-item-meta-content"
                    >
                      <h4
                        class="ant-list-item-meta-title"
                      >
                        <div
                          class="announcement-card-title-container"
                        >
                          ANNOUNCEMENT_TITLE
                        </div>
                      </h4>
                      <div
                        class="ant-list-item-meta-description"
                      >
                        <div>
                          <div>
                            15/09/2022 11:33
                             
                            <span
                              class="ant-tag"
                            >
                              Edited
                            </span>
                          </div>
                        </div>
                        <div
                          class="avatar-container"
                        >
                          <span
                            class="ant-avatar ant-avatar-circle ant-avatar-icon"
                          >
                            <span
                              aria-label="user"
                              class="anticon anticon-user"
                              role="img"
                            >
                              <svg
                                aria-hidden="true"
                                data-icon="user"
                                fill="currentColor"
                                focusable="false"
                                height="1em"
                                viewBox="64 64 896 896"
                                width="1em"
                              >
                                <path
                                  d="M858.5 763.6a374 374 0 00-80.6-119.5 375.63 375.63 0 00-119.5-80.6c-.4-.2-.8-.3-1.2-.5C719.5 518 760 444.7 760 362c0-137-111-248-248-248S264 225 264 362c0 82.7 40.5 156 102.8 201.1-.4.2-.8.3-1.2.5-44.8 18.9-85 46-119.5 80.6a375.63 375.63 0 00-80.6 119.5A371.7 371.7 0 00136 901.8a8 8 0 008 8.2h60c4.4 0 7.9-3.5 8-7.8 2-77.2 33-149.5 87.8-204.3 56.7-56.7 132-87.9 212.2-87.9s155.5 31.2 212.2 87.9C779 752.7 810 825 812 902.2c.1 4.4 3.6 7.8 8 7.8h60a8 8 0 008-8.2c-1-47.8-10.9-94.3-29.5-138.2zM512 534c-45.9 0-89.1-17.9-121.6-50.4S340 407.9 340 362c0-45.9 17.9-89.1 50.4-121.6S466.1 190 512 190s89.1 17.9 121.6 50.4S684 316.1 684 362c0 45.9-17.9 89.1-50.4 121.6S557.9 534 512 534z"
                                />
                              </svg>
                            </span>
                          </span>
                          <div />
                        </div>
                      </div>
                    </div>
                  </div>
                  <section
                    class="announcement-card-content"
                  >
                    ANNOUNCEMENT_CONTENT
                  </section>
                </li>
              </ul>
            </div>
          </div>
          <div
            class="ant-list-pagination"
          >
            <ul
              class="ant-pagination"
              unselectable="unselectable"
            >
              <li
                aria-disabled="true"
                class="ant-pagination-prev ant-pagination-disabled"
                title="Previous Page"
              >
                <button
                  class="ant-pagination-item-link"
                  disabled=""
                  tabindex="-1"
                  type="button"
                >
                  <span
                    aria-label="left"
                    class="anticon anticon-left"
                    role="img"
                  >
                    <svg
                      aria-hidden="true"
                      data-icon="left"
                      fill="currentColor"
                      focusable="false"
                      height="1em"
                      viewBox="64 64 896 896"
                      width="1em"
                    >
                      <path
                        d="M724 218.3V141c0-6.7-7.7-10.4-12.9-6.3L260.3 486.8a31.86 31.86 0 000 50.3l450.8 352.1c5.3 4.1 12.9.4 12.9-6.3v-77.3c0-4.9-2.3-9.6-6.1-12.6l-360-281 360-281.1c3.8-3 6.1-7.7 6.1-12.6z"
                      />
                    </svg>
                  </span>
                </button>
              </li>
              <li
                class="ant-pagination-item ant-pagination-item-1 ant-pagination-item-active"
                tabindex="0"
                title="1"
              >
                <a
                  rel="nofollow"
                >
                  1
                </a>
              </li>
              <li
                aria-disabled="true"
                class="ant-pagination-next ant-pagination-disabled"
                title="Next Page"
              >
                <button
                  class="ant-pagination-item-link"
                  disabled=""
                  tabindex="-1"
                  type="button"
                >
                  <span
                    aria-label="right"
                    class="anticon anticon-right"
                    role="img"
                  >
                    <svg
                      aria-hidden="true"
                      data-icon="right"
                      fill="currentColor"
                      focusable="false"
                      height="1em"
                      viewBox="64 64 896 896"
                      width="1em"
                    >
                      <path
                        d="M765.7 486.8L314.9 134.7A7.97 7.97 0 00302 141v77.3c0 4.9 2.3 9.6 6.1 12.6l360 281.1-360 281.1c-3.9 3-6.1 7.7-6.1 12.6V883c0 6.7 7.7 10.4 12.9 6.3l450.8-352.1a31.96 31.96 0 000-50.4z"
                      />
                    </svg>
                  </span>
                </button>
              </li>
            </ul>
          </div>
        </div>
      </div>
    </div>
  </div>
</body>
`;
