// Jest Snapshot v1, https://goo.gl/fbAQLP

exports[`test milestone creation modal when rendering should render correct fields 1`] = `
<body>
  <div>
    <div
      class="ant-card ant-card-bordered milestone-card"
    >
      <div
        class="ant-card-body"
      >
        <div
          class="milestone-card-header"
        >
          <h4
            class="ant-typography"
          >
            Milestones
          </h4>
        </div>
        <div
          class="ant-steps ant-steps-horizontal ant-steps-label-horizontal"
        >
          <div
            class="ant-steps-item ant-steps-item-process"
          >
            <div
              class="ant-steps-item-container"
            >
              <div
                class="ant-steps-item-tail"
              />
              <div
                class="ant-steps-item-icon"
              >
                <span
                  class="ant-steps-icon"
                >
                  1
                </span>
              </div>
              <div
                class="ant-steps-item-content"
              >
                <div
                  class="ant-steps-item-title"
                >
                  <div>
                    Milestone 2
                  </div>
                </div>
                <div
                  class="ant-steps-item-description"
                >
                  <div>
                    <div>
                      Start Date: 
                      10/01/2023
                    </div>
                    <div>
                      Deadline: 
                      19/01/2023
                    </div>
                  </div>
                </div>
              </div>
            </div>
          </div>
          <div
            class="ant-steps-item ant-steps-item-wait"
          >
            <div
              class="ant-steps-item-container"
            >
              <div
                class="ant-steps-item-tail"
              />
              <div
                class="ant-steps-item-icon"
              >
                <span
                  class="ant-steps-icon"
                >
                  2
                </span>
              </div>
              <div
                class="ant-steps-item-content"
              >
                <div
                  class="ant-steps-item-title"
                >
                  <div>
                    Milestone 3
                  </div>
                </div>
                <div
                  class="ant-steps-item-description"
                >
                  <div>
                    <div>
                      Start Date: 
                      20/01/2023
                    </div>
                    <div>
                      Deadline: 
                      30/01/2023
                    </div>
                  </div>
                </div>
              </div>
            </div>
          </div>
          <div
            class="ant-steps-item ant-steps-item-finish"
          >
            <div
              class="ant-steps-item-container"
            >
              <div
                class="ant-steps-item-tail"
              />
              <div
                class="ant-steps-item-icon"
              >
                <span
                  class="ant-steps-icon"
                >
                  <span
                    aria-label="check"
                    class="anticon anticon-check ant-steps-finish-icon"
                    role="img"
                  >
                    <svg
                      aria-hidden="true"
                      data-icon="check"
                      fill="currentColor"
                      focusable="false"
                      height="1em"
                      viewBox="64 64 896 896"
                      width="1em"
                    >
                      <path
                        d="M912 190h-69.9c-9.8 0-19.1 4.5-25.1 12.2L404.7 724.5 207 474a32 32 0 00-25.1-12.2H112c-6.7 0-10.4 7.7-6.3 12.9l273.9 347c12.8 16.2 37.4 16.2 50.3 0l488.4-618.9c4.1-5.1.4-12.8-6.3-12.8z"
                      />
                    </svg>
                  </span>
                </span>
              </div>
              <div
                class="ant-steps-item-content"
              >
                <div
                  class="ant-steps-item-title"
                >
                  <div>
                    Milestone 1
                  </div>
                </div>
                <div
                  class="ant-steps-item-description"
                >
                  <div>
                    <div>
                      Start Date: 
                      31/12/2023
                    </div>
                    <div>
                      Deadline: 
                      09/01/2023
                    </div>
                  </div>
                </div>
              </div>
            </div>
          </div>
        </div>
      </div>
    </div>
  </div>
</body>
`;
