// Vitest Snapshot v1, https://vitest.dev/guide/snapshot.html

exports[`RetrospectiveContentCard test > renders retrospective card with correct details 1`] = `
<body>
  <div>
    <div
      class="ant-card ant-card-bordered retrospective-content-card"
    >
      <div
        class="ant-card-body"
      >
        <div
          class="retrospective-content-body"
        >
          <div
            class="vote-container"
          >
            <button
              class="ant-btn ant-btn-default up "
              type="button"
            >
              <span
                aria-label="arrow-up"
                class="anticon anticon-arrow-up"
                role="img"
              >
                <svg
                  aria-hidden="true"
                  data-icon="arrow-up"
                  fill="currentColor"
                  focusable="false"
                  height="1em"
                  viewBox="64 64 896 896"
                  width="1em"
                >
                  <path
                    d="M868 545.5L536.1 163a31.96 31.96 0 00-48.3 0L156 545.5a7.97 7.97 0 006 13.2h81c4.6 0 9-2 12.1-5.5L474 300.9V864c0 4.4 3.6 8 8 8h60c4.4 0 8-3.6 8-8V300.9l218.9 252.3c3 3.5 7.4 5.5 12.1 5.5h81c6.8 0 10.5-8 6-13.2z"
                  />
                </svg>
              </span>
            </button>
            <span
              class="vote-count"
            >
              1
            </span>
            <button
              class="ant-btn ant-btn-default down "
              type="button"
            >
              <span
                aria-label="arrow-down"
                class="anticon anticon-arrow-down"
                role="img"
              >
                <svg
                  aria-hidden="true"
                  data-icon="arrow-down"
                  fill="currentColor"
                  focusable="false"
                  height="1em"
                  viewBox="64 64 896 896"
                  width="1em"
                >
                  <path
                    d="M862 465.3h-81c-4.6 0-9 2-12.1 5.5L550 723.1V160c0-4.4-3.6-8-8-8h-60c-4.4 0-8 3.6-8 8v563.1L255.1 470.8c-3-3.5-7.4-5.5-12.1-5.5h-81c-6.8 0-10.5 8.1-6 13.2L487.9 861a31.96 31.96 0 0048.3 0L868 478.5c4.5-5.2.8-13.2-6-13.2z"
                  />
                </svg>
              </span>
            </button>
          </div>
          <div
            class="retrospective-content-text"
          >
            Retrospective text
          </div>
          <div
            class="retrospective-content-delete-container"
          >
            <button
              class="ant-btn ant-btn-default delete"
              type="button"
            >
              <span
                aria-label="delete"
                class="anticon anticon-delete"
                role="img"
              >
                <svg
                  aria-hidden="true"
                  data-icon="delete"
                  fill="currentColor"
                  focusable="false"
                  height="1em"
                  viewBox="64 64 896 896"
                  width="1em"
                >
                  <path
                    d="M360 184h-8c4.4 0 8-3.6 8-8v8h304v-8c0 4.4 3.6 8 8 8h-8v72h72v-80c0-35.3-28.7-64-64-64H352c-35.3 0-64 28.7-64 64v80h72v-72zm504 72H160c-17.7 0-32 14.3-32 32v32c0 4.4 3.6 8 8 8h60.4l24.7 523c1.6 34.1 29.8 61 63.9 61h454c34.2 0 62.3-26.8 63.9-61l24.7-523H888c4.4 0 8-3.6 8-8v-32c0-17.7-14.3-32-32-32zM731.3 840H292.7l-24.2-512h487l-24.2 512z"
                  />
                </svg>
              </span>
            </button>
          </div>
        </div>
      </div>
    </div>
  </div>
</body>
`;
