// Vitest Snapshot v1, https://vitest.dev/guide/snapshot.html

exports[`ScrumBoardCard test > renders scrum board card with correct details 1`] = `
<body>
  <div>
    <div
      data-rbd-droppable-context-id="0"
      data-rbd-droppable-id="0"
    >
      <div
        aria-describedby="rbd-hidden-text-0-hidden-text-0"
        data-rbd-drag-handle-context-id="0"
        data-rbd-drag-handle-draggable-id="111"
        data-rbd-draggable-context-id="0"
        data-rbd-draggable-id="111"
        draggable="false"
        role="button"
        tabindex="0"
      >
        <div
          class="ant-card ant-card-bordered scrum-board-card-container"
        >
          <div
            class="ant-card-body"
          >
            <div
              class="scrum-board-card-summary"
            >
              A Test Summary
            </div>
            <div
              class="scrum-board-card-details"
            >
              <div
                class="backlog-card-id"
              >
                TEST-
                111
              </div>
              <div
                class="scrum-board-card-type"
              >
                story
              </div>
              <div
                class="scrum-board-card-points points-active"
              >
                3
              </div>
              <div
                class="scrum-board-card-priority very_high-priority"
              >
                very_high
              </div>
              <div
                class="scrum-board-card-assignee"
              >
                <span
                  class="ant-avatar ant-avatar-sm ant-avatar-circle assignee-avatar"
                  style="background-color: rgb(105, 193, 165); color: white;"
                >
                  <span
                    class="ant-avatar-string"
                    style="transform: scale(1) translateX(-50%);"
                  >
                    B2
                  </span>
                </span>
              </div>
            </div>
          </div>
        </div>
      </div>
    </div>
  </div>
  <div
    aria-atomic="true"
    aria-live="assertive"
    id="rbd-announcement-0"
    style="position: absolute; width: 1px; height: 1px; margin: -1px; border: 0px; padding: 0px; overflow: hidden; clip-path: inset(100%);"
  />
  <div
    id="rbd-hidden-text-0-hidden-text-0"
    style="display: none;"
  >
    
  Press space bar to start a drag.
  When dragging you can use the arrow keys to move the item around and escape to cancel.
  Some screen readers may require you to be in focus mode or to use your pass through key

  </div>
</body>
`;
